RAM Allocation [bytes]
Variable                                                                          Address   Size
------------------------------------------------------------------------------------------------
buffer                                                                            0x0300      16
_base_y                                                                           0x0310       4

EEPROM Allocation [bytes]
Variable                                                                          Address   Size
------------------------------------------------------------------------------------------------

Register Allocation
Variable                                                                          Register  Size
------------------------------------------------------------------------------------------------
_lcd_x                                                                            R4           1
_lcd_y                                                                            R3           1
_lcd_maxx                                                                         R6           1

FLASH Allocation [words]
Function                                                                          Address   Size
------------------------------------------------------------------------------------------------
main                                                                              0x00077    104
_lcd_write_nibble_G100                                                            0x000DF     37
_lcd_write_data                                                                   0x00104     13
lcd_gotoxy                                                                        0x00111     13
lcd_clear                                                                         0x0011E     12
lcd_putchar                                                                       0x0012A     21
lcd_puts                                                                          0x0013F     17
lcd_init                                                                          0x00150     47
put_buff_G101                                                                     0x0017F     64
_print_G101                                                                       0x001BF    308
sprintf                                                                           0x002F3     52
strlen                                                                            0x00327     12
strlenf                                                                           0x00333     13
